=== RUN   TestHandleWSMessage_LogAndLifecycleUpdates
--- PASS: TestHandleWSMessage_LogAndLifecycleUpdates (0.10s)
=== RUN   TestHandleWSMessage_DeployFailedAndInvalidMessages
--- PASS: TestHandleWSMessage_DeployFailedAndInvalidMessages (0.03s)
=== RUN   TestHandleRegister_Success
--- PASS: TestHandleRegister_Success (0.05s)
=== RUN   TestHandleRegister_InvalidSecret
--- PASS: TestHandleRegister_InvalidSecret (0.00s)
=== RUN   TestHandleRegister_MethodNotAllowed
--- PASS: TestHandleRegister_MethodNotAllowed (0.01s)
=== RUN   TestHandleRegister_InvalidJSON
--- PASS: TestHandleRegister_InvalidJSON (0.01s)
=== RUN   TestHandleRegister_MissingFields
--- PASS: TestHandleRegister_MissingFields (0.01s)
=== RUN   TestHandleRegister_Idempotent
--- PASS: TestHandleRegister_Idempotent (0.05s)
=== RUN   TestHandleRegister_ClientIDSanitizedFromMachineID
--- PASS: TestHandleRegister_ClientIDSanitizedFromMachineID (0.04s)
=== RUN   TestHandleRegister_CapturesClientIP
--- PASS: TestHandleRegister_CapturesClientIP (0.04s)
=== RUN   TestHandleRegister_CapturesClientOS
--- PASS: TestHandleRegister_CapturesClientOS (0.04s)
=== RUN   TestRequireClientAuth_Missing
--- PASS: TestRequireClientAuth_Missing (0.01s)
=== RUN   TestRequireClientAuth_QueryToken
--- PASS: TestRequireClientAuth_QueryToken (0.05s)
=== RUN   TestHandleWS_UnauthorizedWithoutToken
--- PASS: TestHandleWS_UnauthorizedWithoutToken (0.01s)
=== RUN   TestRequireRootAuth_WrongPassword
--- PASS: TestRequireRootAuth_WrongPassword (0.01s)
=== RUN   TestRequireRootAuth_Correct
--- PASS: TestRequireRootAuth_Correct (0.00s)
=== RUN   TestHandleStatus
--- PASS: TestHandleStatus (0.05s)
=== RUN   TestHandleUIPages
=== RUN   TestHandleUIPages/status_ui
=== RUN   TestHandleUIPages/secrets_ui
=== RUN   TestHandleUIPages/playbooks_ui
=== RUN   TestHandleUIPages/deployments_ui
--- PASS: TestHandleUIPages (0.01s)
    --- PASS: TestHandleUIPages/status_ui (0.00s)
    --- PASS: TestHandleUIPages/secrets_ui (0.00s)
    --- PASS: TestHandleUIPages/playbooks_ui (0.00s)
    --- PASS: TestHandleUIPages/deployments_ui (0.00s)
=== RUN   TestHandleRootPlaybooks_CRUD
--- PASS: TestHandleRootPlaybooks_CRUD (0.02s)
=== RUN   TestHandleRootPlaybooks_MethodNotAllowed
--- PASS: TestHandleRootPlaybooks_MethodNotAllowed (0.01s)
=== RUN   TestHandleRootPlaybooks_CreateInvalidPayload
=== RUN   TestHandleRootPlaybooks_CreateInvalidPayload/invalid_json
=== RUN   TestHandleRootPlaybooks_CreateInvalidPayload/missing_jobs
--- PASS: TestHandleRootPlaybooks_CreateInvalidPayload (0.01s)
    --- PASS: TestHandleRootPlaybooks_CreateInvalidPayload/invalid_json (0.00s)
    --- PASS: TestHandleRootPlaybooks_CreateInvalidPayload/missing_jobs (0.00s)
=== RUN   TestHandleRootPlaybooks_Assign
=== RUN   TestHandleRootPlaybooks_Assign/success
=== RUN   TestHandleRootPlaybooks_Assign/invalid_json
=== RUN   TestHandleRootPlaybooks_Assign/missing_client
=== RUN   TestHandleRootPlaybooks_Assign/missing_playbook
=== RUN   TestHandleRootPlaybooks_Assign/service_missing
--- PASS: TestHandleRootPlaybooks_Assign (0.06s)
    --- PASS: TestHandleRootPlaybooks_Assign/success (0.00s)
    --- PASS: TestHandleRootPlaybooks_Assign/invalid_json (0.00s)
    --- PASS: TestHandleRootPlaybooks_Assign/missing_client (0.00s)
    --- PASS: TestHandleRootPlaybooks_Assign/missing_playbook (0.00s)
    --- PASS: TestHandleRootPlaybooks_Assign/service_missing (0.01s)
=== RUN   TestHandleRootPlaybooks_UpdateAndGetErrors
=== RUN   TestHandleRootPlaybooks_UpdateAndGetErrors/get_missing_playbook
=== RUN   TestHandleRootPlaybooks_UpdateAndGetErrors/put_missing_id
=== RUN   TestHandleRootPlaybooks_UpdateAndGetErrors/put_update_with_yaml_payload
--- PASS: TestHandleRootPlaybooks_UpdateAndGetErrors (0.05s)
    --- PASS: TestHandleRootPlaybooks_UpdateAndGetErrors/get_missing_playbook (0.00s)
    --- PASS: TestHandleRootPlaybooks_UpdateAndGetErrors/put_missing_id (0.00s)
    --- PASS: TestHandleRootPlaybooks_UpdateAndGetErrors/put_update_with_yaml_payload (0.00s)
=== RUN   TestHandleRootClients_CRUDAndErrors
=== RUN   TestHandleRootClients_CRUDAndErrors/list
=== RUN   TestHandleRootClients_CRUDAndErrors/get_one
=== RUN   TestHandleRootClients_CRUDAndErrors/get_missing
=== RUN   TestHandleRootClients_CRUDAndErrors/put_missing_id
=== RUN   TestHandleRootClients_CRUDAndErrors/put_invalid_json
=== RUN   TestHandleRootClients_CRUDAndErrors/put_success
=== RUN   TestHandleRootClients_CRUDAndErrors/delete_missing_id
=== RUN   TestHandleRootClients_CRUDAndErrors/delete_success
=== RUN   TestHandleRootClients_CRUDAndErrors/method_not_allowed
--- PASS: TestHandleRootClients_CRUDAndErrors (0.02s)
    --- PASS: TestHandleRootClients_CRUDAndErrors/list (0.00s)
    --- PASS: TestHandleRootClients_CRUDAndErrors/get_one (0.00s)
    --- PASS: TestHandleRootClients_CRUDAndErrors/get_missing (0.00s)
    --- PASS: TestHandleRootClients_CRUDAndErrors/put_missing_id (0.00s)
    --- PASS: TestHandleRootClients_CRUDAndErrors/put_invalid_json (0.00s)
    --- PASS: TestHandleRootClients_CRUDAndErrors/put_success (0.00s)
    --- PASS: TestHandleRootClients_CRUDAndErrors/delete_missing_id (0.00s)
    --- PASS: TestHandleRootClients_CRUDAndErrors/delete_success (0.00s)
    --- PASS: TestHandleRootClients_CRUDAndErrors/method_not_allowed (0.00s)
=== RUN   TestHandleSecrets_CRUD
--- PASS: TestHandleSecrets_CRUD (0.02s)
=== RUN   TestHandleSecrets_ErrorPaths
=== RUN   TestHandleSecrets_ErrorPaths/get_missing_secret
=== RUN   TestHandleSecrets_ErrorPaths/put_without_name
=== RUN   TestHandleSecrets_ErrorPaths/method_not_allowed
--- PASS: TestHandleSecrets_ErrorPaths (0.01s)
    --- PASS: TestHandleSecrets_ErrorPaths/get_missing_secret (0.00s)
    --- PASS: TestHandleSecrets_ErrorPaths/put_without_name (0.00s)
    --- PASS: TestHandleSecrets_ErrorPaths/method_not_allowed (0.00s)
=== RUN   TestHandleRootDeployments_MethodNotAllowed
--- PASS: TestHandleRootDeployments_MethodNotAllowed (0.01s)
=== RUN   TestHandleRootDeployments_ListGetAndNotFound
=== RUN   TestHandleRootDeployments_ListGetAndNotFound/list
=== RUN   TestHandleRootDeployments_ListGetAndNotFound/get_by_id
=== RUN   TestHandleRootDeployments_ListGetAndNotFound/get_missing
--- PASS: TestHandleRootDeployments_ListGetAndNotFound (0.04s)
    --- PASS: TestHandleRootDeployments_ListGetAndNotFound/list (0.00s)
    --- PASS: TestHandleRootDeployments_ListGetAndNotFound/get_by_id (0.00s)
    --- PASS: TestHandleRootDeployments_ListGetAndNotFound/get_missing (0.00s)
=== RUN   TestHandleArtifacts_UploadDownloadMetaDelete
    handlers_test.go:964: download status=401 body={"error":"authenticated access required"}
--- FAIL: TestHandleArtifacts_UploadDownloadMetaDelete (0.23s)
=== RUN   TestHandleArtifacts_ErrorPaths
=== RUN   TestHandleArtifacts_ErrorPaths/upload_missing_name
=== RUN   TestHandleArtifacts_ErrorPaths/get_missing_artifact
=== RUN   TestHandleArtifacts_ErrorPaths/meta_missing_artifact
=== RUN   TestHandleArtifacts_ErrorPaths/download_missing_file_on_disk
    handlers_test.go:1017: status=401; want 500
=== RUN   TestHandleArtifacts_ErrorPaths/delete_without_id
=== RUN   TestHandleArtifacts_ErrorPaths/delete_missing_artifact
=== RUN   TestHandleArtifacts_ErrorPaths/method_not_allowed
--- FAIL: TestHandleArtifacts_ErrorPaths (0.01s)
    --- PASS: TestHandleArtifacts_ErrorPaths/upload_missing_name (0.00s)
    --- PASS: TestHandleArtifacts_ErrorPaths/get_missing_artifact (0.00s)
    --- PASS: TestHandleArtifacts_ErrorPaths/meta_missing_artifact (0.00s)
    --- FAIL: TestHandleArtifacts_ErrorPaths/download_missing_file_on_disk (0.00s)
    --- PASS: TestHandleArtifacts_ErrorPaths/delete_without_id (0.00s)
    --- PASS: TestHandleArtifacts_ErrorPaths/delete_missing_artifact (0.00s)
    --- PASS: TestHandleArtifacts_ErrorPaths/method_not_allowed (0.00s)
=== RUN   TestHandleArtifacts_AccessPolicy
=== RUN   TestHandleArtifacts_AccessPolicy/public_download_no_auth
=== RUN   TestHandleArtifacts_AccessPolicy/auth_download_no_auth
=== RUN   TestHandleArtifacts_AccessPolicy/auth_download_with_auth
=== RUN   TestHandleArtifacts_AccessPolicy/restricted_download_other_client
=== RUN   TestHandleArtifacts_AccessPolicy/restricted_download_allowed_client
=== RUN   TestHandleArtifacts_AccessPolicy/restricted_download_root
--- PASS: TestHandleArtifacts_AccessPolicy (0.11s)
    --- PASS: TestHandleArtifacts_AccessPolicy/public_download_no_auth (0.00s)
    --- PASS: TestHandleArtifacts_AccessPolicy/auth_download_no_auth (0.00s)
    --- PASS: TestHandleArtifacts_AccessPolicy/auth_download_with_auth (0.00s)
    --- PASS: TestHandleArtifacts_AccessPolicy/restricted_download_other_client (0.00s)
    --- PASS: TestHandleArtifacts_AccessPolicy/restricted_download_allowed_client (0.00s)
    --- PASS: TestHandleArtifacts_AccessPolicy/restricted_download_root (0.00s)
=== RUN   TestCrossClientDeploymentForbidden
--- PASS: TestCrossClientDeploymentForbidden (0.03s)
=== RUN   TestPlaybookJobOrderPreserved
--- PASS: TestPlaybookJobOrderPreserved (0.00s)
FAIL
FAIL	github.com/marko-stanojevic/sear/internal/daemon/handlers	4.662s
FAIL
